
════════════════════════════════════════════════════════
  📊 position_monitor 起動
     監視開始: 08:27:48
     終了予定: 15:28
════════════════════════════════════════════════════════
  モード: 本番  |  価格取得: Tachibana
  [08:27:48] 3053 ペッパーフードサービス: 195.0円 ▲1.04%  TP:199 SL:183
  [08:27:48] 3193 エターナルホスピタリティグループ: 2672.0円 ▼3.01%  TP:2838 SL:2617
  [08:27:48] 4442 4442: 372.0円 ▼2.11%  TP:387 SL:359
  [08:27:48] 4884 4884: 308.0円 ▼1.28%  TP:318 SL:295
  [08:28:04] 3053 ペッパーフードサービス: 195.0円 ▲1.04%  TP:199 SL:183
  [08:28:04] 3193 エターナルホスピタリティグループ: 2672.0円 ▼3.01%  TP:2838 SL:2617
  [08:28:04] 4442 4442: 372.0円 ▼2.11%  TP:387 SL:359
  [08:28:04] 4884 4884: 308.0円 ▼1.28%  TP:318 SL:295
  [08:28:19] 3053 ペッパーフードサービス: 195.0円 ▲1.04%  TP:199 SL:183
  [08:28:19] 3193 エターナルホスピタリティグループ: 2672.0円 ▼3.01%  TP:2838 SL:2617
  [08:28:19] 4442 4442: 372.0円 ▼2.11%  TP:387 SL:359
  [08:28:19] 4884 4884: 308.0円 ▼1.28%  TP:318 SL:295
  [08:28:34] 3053 ペッパーフードサービス: 195.0円 ▲1.04%  TP:199 SL:183
  [08:28:34] 3193 エターナルホスピタリティグループ: 2672.0円 ▼3.01%  TP:2838 SL:2617
  [08:28:34] 4442 4442: 372.0円 ▼2.11%  TP:387 SL:359
  [08:28:34] 4884 4884: 308.0円 ▼1.28%  TP:318 SL:295
  [08:28:49] 3053 ペッパーフードサービス: 195.0円 ▲1.04%  TP:199 SL:183
  [08:28:49] 3193 エターナルホスピタリティグループ: 2672.0円 ▼3.01%  TP:2838 SL:2617
  [08:28:49] 4442 4442: 372.0円 ▼2.11%  TP:387 SL:359
  [08:28:49] 4884 4884: 308.0円 ▼1.28%  TP:318 SL:295
  [08:29:04] 3053 ペッパーフードサービス: 195.0円 ▲1.04%  TP:199 SL:183
  [08:29:04] 3193 エターナルホスピタリティグループ: 2672.0円 ▼3.01%  TP:2838 SL:2617
  [08:29:04] 4442 4442: 372.0円 ▼2.11%  TP:387 SL:359
  [08:29:04] 4884 4884: 308.0円 ▼1.28%  TP:318 SL:295
  [08:29:20] 3053 ペッパーフードサービス: 195.0円 ▲1.04%  TP:199 SL:183
  [08:29:20] 3193 エターナルホスピタリティグループ: 2672.0円 ▼3.01%  TP:2838 SL:2617
  [08:29:20] 4442 4442: 372.0円 ▼2.11%  TP:387 SL:359
  [08:29:20] 4884 4884: 308.0円 ▼1.28%  TP:318 SL:295
  [08:29:35] 3053 ペッパーフードサービス: 195.0円 ▲1.04%  TP:199 SL:183
  [08:29:35] 3193 エターナルホスピタリティグループ: 2672.0円 ▼3.01%  TP:2838 SL:2617
  [08:29:35] 4442 4442: 372.0円 ▼2.11%  TP:387 SL:359
  [08:29:35] 4884 4884: 308.0円 ▼1.28%  TP:318 SL:295
  [08:29:50] 3053 ペッパーフードサービス: 195.0円 ▲1.04%  TP:199 SL:183
  [08:29:50] 3193 エターナルホスピタリティグループ: 2672.0円 ▼3.01%  TP:2838 SL:2617
  [08:29:50] 4442 4442: 372.0円 ▼2.11%  TP:387 SL:359
  [08:29:50] 4884 4884: 308.0円 ▼1.28%  TP:318 SL:295
  [08:30:05] 3053 ペッパーフードサービス: 195.0円 ▲1.04%  TP:199 SL:183
  [08:30:05] 3193 エターナルホスピタリティグループ: 2672.0円 ▼3.01%  TP:2838 SL:2617
  [08:30:05] 4442 4442: 372.0円 ▼2.11%  TP:387 SL:359
  [08:30:05] 4884 4884: 308.0円 ▼1.28%  TP:318 SL:295
  [08:30:20] 3053 ペッパーフードサービス: 195.0円 ▲1.04%  TP:199 SL:183
  [08:30:20] 3193 エターナルホスピタリティグループ: 2672.0円 ▼3.01%  TP:2838 SL:2617
  [08:30:20] 4442 4442: 372.0円 ▼2.11%  TP:387 SL:359
  [08:30:20] 4884 4884: 308.0円 ▼1.28%  TP:318 SL:295
  [08:30:35] 3053 ペッパーフードサービス: 195.0円 ▲1.04%  TP:199 SL:183
  [08:30:35] 3193 エターナルホスピタリティグループ: 2672.0円 ▼3.01%  TP:2838 SL:2617
  [08:30:35] 4442 4442: 372.0円 ▼2.11%  TP:387 SL:359
  [08:30:35] 4884 4884: 308.0円 ▼1.28%  TP:318 SL:295
  [08:30:51] 3053 ペッパーフードサービス: 195.0円 ▲1.04%  TP:199 SL:183
  [08:30:51] 3193 エターナルホスピタリティグループ: 2672.0円 ▼3.01%  TP:2838 SL:2617
  [08:30:51] 4442 4442: 372.0円 ▼2.11%  TP:387 SL:359
  [08:30:51] 4884 4884: 308.0円 ▼1.28%  TP:318 SL:295
  [08:31:06] 3053 ペッパーフードサービス: 195.0円 ▲1.04%  TP:199 SL:183
  [08:31:06] 3193 エターナルホスピタリティグループ: 2672.0円 ▼3.01%  TP:2838 SL:2617
  [08:31:06] 4442 4442: 372.0円 ▼2.11%  TP:387 SL:359
  [08:31:06] 4884 4884: 308.0円 ▼1.28%  TP:318 SL:295
  [08:31:21] 3053 ペッパーフードサービス: 195.0円 ▲1.04%  TP:199 SL:183
  [08:31:21] 3193 エターナルホスピタリティグループ: 2672.0円 ▼3.01%  TP:2838 SL:2617
  [08:31:21] 4442 4442: 372.0円 ▼2.11%  TP:387 SL:359
  [08:31:21] 4884 4884: 308.0円 ▼1.28%  TP:318 SL:295
  [08:31:36] 3053 ペッパーフードサービス: 195.0円 ▲1.04%  TP:199 SL:183
  [08:31:36] 3193 エターナルホスピタリティグループ: 2672.0円 ▼3.01%  TP:2838 SL:2617
  [08:31:36] 4442 4442: 372.0円 ▼2.11%  TP:387 SL:359
  [08:31:36] 4884 4884: 308.0円 ▼1.28%  TP:318 SL:295
  [08:31:52] 3053 ペッパーフードサービス: 195.0円 ▲1.04%  TP:199 SL:183
  [08:31:52] 3193 エターナルホスピタリティグループ: 2672.0円 ▼3.01%  TP:2838 SL:2617
  [08:31:52] 4442 4442: 372.0円 ▼2.11%  TP:387 SL:359
  [08:31:52] 4884 4884: 308.0円 ▼1.28%  TP:318 SL:295
  [08:32:07] 3053 ペッパーフードサービス: 195.0円 ▲1.04%  TP:199 SL:183
  [08:32:07] 3193 エターナルホスピタリティグループ: 2672.0円 ▼3.01%  TP:2838 SL:2617
  [08:32:07] 4442 4442: 372.0円 ▼2.11%  TP:387 SL:359
  [08:32:07] 4884 4884: 308.0円 ▼1.28%  TP:318 SL:295
  [08:32:22] 3053 ペッパーフードサービス: 195.0円 ▲1.04%  TP:199 SL:183
  [08:32:22] 3193 エターナルホスピタリティグループ: 2672.0円 ▼3.01%  TP:2838 SL:2617
  [08:32:22] 4442 4442: 372.0円 ▼2.11%  TP:387 SL:359
  [08:32:22] 4884 4884: 308.0円 ▼1.28%  TP:318 SL:295
  [08:32:35] 3053 ペッパーフードサービス: 195.0円 ▲1.04%  TP:199 SL:183
  [08:32:35] 3193 エターナルホスピタリティグループ: 2672.0円 ▼3.01%  TP:2838 SL:2617
  [08:32:35] 4442 4442: 372.0円 ▼2.11%  TP:387 SL:359
  [08:32:35] 4884 4884: 308.0円 ▼1.28%  TP:318 SL:295
  [08:32:50] 3053 ペッパーフードサービス: 195.0円 ▲1.04%  TP:199 SL:183
  [08:32:50] 3193 エターナルホスピタリティグループ: 2672.0円 ▼3.01%  TP:2838 SL:2617
  [08:32:50] 4442 4442: 372.0円 ▼2.11%  TP:387 SL:359
  [08:32:50] 4884 4884: 308.0円 ▼1.28%  TP:318 SL:295
  🎯 3053 ペッパーフードサービス: TP(199円) 到達 (199.0円 +3.11%) → 売り発注
  ✅ 売り注文受付完了（注文番号: 12010851）  損益: +3.11%
  [10:52:15] 3193 エターナルホスピタリティグループ: 2649.0円 ▼3.85%  TP:2838 SL:2617
  [10:52:15] 4442 4442: 372.0円 ▼2.11%  TP:387 SL:359
  [10:52:15] 4884 4884: 311.0円 ▼0.32%  TP:318 SL:295
  [10:52:31] 3193 エターナルホスピタリティグループ: 2649.0円 ▼3.85%  TP:2838 SL:2617
  [10:52:31] 4442 4442: 372.0円 ▼2.11%  TP:387 SL:359
  [10:52:31] 4884 4884: 311.0円 ▼0.32%  TP:318 SL:295
  [12:52:43] 3193 エターナルホスピタリティグループ: 2680.0円 ▼2.72%  TP:2838 SL:2617
  [12:52:43] 4442 4442: 372.0円 ▼2.11%  TP:387 SL:359
  [12:52:43] 4884 4884: 310.0円 ▼0.64%  TP:318 SL:295
  [14:06:24] 3193 エターナルホスピタリティグループ: 2697.0円 ▼2.11%  TP:2838 SL:2617
  [14:06:24] 4442 4442: 374.0円 ▼1.58%  TP:387 SL:359
  [14:06:24] 4884 4884: 305.0円 ▼2.24%  TP:318 SL:295
  [14:06:39] 3193 エターナルホスピタリティグループ: 2697.0円 ▼2.11%  TP:2838 SL:2617
  [14:06:39] 4442 4442: 374.0円 ▼1.58%  TP:387 SL:359
  [14:06:39] 4884 4884: 305.0円 ▼2.24%  TP:318 SL:295

  ⏰ 15:25 引け決済開始（前日ポジション 3件）
  📤 引け成行売り: [3193] エターナルホスピタリティグループ 100株
  ❌ 引け決済失敗: 売り注文エラー (p_errno=0 sResultCode=10006): セッションＩＤに誤りがあります
  📤 引け成行売り: [4442] 4442 200株
  ❌ 引け決済失敗: 売り注文エラー (p_errno=8 sResultCode=): 引数（p_sd_date:[2026.06.12-16:06:52.665] is exceed time limit:[2026.06.12-17:23:01.239]）エラー。
  📤 引け成行売り: [4884] 4884 300株
  ❌ 引け決済失敗: 売り注文エラー (p_errno=0 sResultCode=10006): セッションＩＤに誤りがあります

  ⏰ 15:28 到達 → 監視終了
  📊 position_monitor 終了: 17:23:30

  📋 当日シグナル検証開始...

=================================================================
  シグナル検証: 2026-06-12  [yfinance（当日終値）]
=================================================================
  Tachibana API から現在値を取得中...
  yfinance から 3銘柄を取得中...
  → 3/3銘柄 取得完了


  時刻     コード    銘柄名                   シグナル値       高値       安値       終値  結果
  ────────────────────────────────────────────────────────────────────────────────
  09:10  3185   夢展望                     141      149      139      143  ✅ TP達成 (+2.8%)  [MO]
  09:10  6588   東芝テック                 3,130    3,150    3,055    3,055    保有終了 (▼2.4%)  [MO]
  09:10  9414   日本ＢＳ放送                  906      906      902      902    保有終了 (▼0.4%)  [MO]

  ─────────────────────────────────────────────────────────────────
  【集計】 2026-06-12  シグナル計3件
  ✅ TP達成    : 1件 (33%)
  🛑 SL到達    : 0件 (0%)
  ⚠️  TP/SL両方 : 0件 (0%)
     保有終了  : 2件 (67%)

  勝率 (TP/SL決着分): 100.0%  (1勝0敗)

  ─────────────────────────────────────────────────────────────────
  【要因分析】2026-06-12
  ─────────────────────────────────────────────────────────────────

  ▍条件フラグ別
  ブレイクアウト(BO)      あり: ─                              なし: 100%  (1勝0敗/1件)
  出来高急増            あり: ─                              なし: 100%  (1勝0敗/1件)
  モメンタム(MO)        あり: 100%  (1勝0敗/1件)                なし: ─

  ▍条件数別
  1条件       3件  TP:1 SL:0 both:0 hold:2  勝率: 100%  (1勝0敗/1件)

  ▍時間帯別
  午前前半(09:00〜10:30)   3件  TP:1 SL:0 hold:2  勝率: 100%  (1勝0敗/1件)

  ▍終値変化率（シグナル価格比）
  平均: -0.47%  最大: +1.42%  最小: -2.40%  プラス: 1件  マイナス: 2件
  TP達成グループ終値平均: +1.42%
  保有終了グループ終値平均: -1.42%

  ▍TP達成銘柄 (1件) — 成功要因
  BO保有率: 0%  出来高急増保有率: 0%  MO保有率: 100%  平均条件数: 1.0
=================================================================

  ※ TP/SL両到達はどちらが先かintraday_pricesで要確認
